HTTP/1.1 200 OK
X-Powered-By: Express
Content-Type: application/json; charset=utf-8
Content-Length: 95
ETag: W/"5f-HiK7jLuipV8U8UrgZK9PfXKSCjI"
Date: Tue, 14 Feb 2023 16:29:44 GMT
Connection: keep-alive
Keep-Alive: timeout=5

{"total":1,"movie":0,"tv":1,"pending":0,"approved":1,"declined":0,"processing":1,"available":0}