HTTP/1.1 200 OK
X-Powered-By: Express
Content-Type: application/json; charset=utf-8
Content-Length: 2162
ETag: W/"872-YhhaN+lnHzgvvjNDCpKZZuUmdxk"
Date: Tue, 14 Feb 2023 16:29:45 GMT
Connection: keep-alive
Keep-Alive: timeout=5

{"page":1,"totalPages":1,"totalResults":20,"results":[{"ratingKey":"111111111","title":"Avatar: The Way of Water","mediaType":"movie","tmdbId":76600}]}
